
> awesomestorybook@1.0.0 build-storybook
> storybook build --output-dir=/var/folders/c3/ns78qy1d7mgb6y_d202880g40000gn/T/chromatic--25852-051b72R8hj4d --stats-json=/var/folders/c3/ns78qy1d7mgb6y_d202880g40000gn/T/chromatic--25852-051b72R8hj4d


[90m┌[39m  Building storybook v10.3.5
[90m│[39m
[32m◇[39m  Cleaning outputDir:
[90m│[39m  [36m../../../../../../var/folders/c3/ns78qy1d7mgb6y_d202880g40000gn/T/chromatic--25852-051b72R8hj4d[39m
[90m│[39m
[32m◇[39m  Loading presets
[90m│[39m
[32m◇[39m  Building manager..
[90m│[39m
[34m●[39m  Building preview..
[90m│[39m
[33m▲[39m  No story files found for the specified pattern:
[90m│[39m  [34mcomponents/**/*.stories.mdx[39m
[90m│[39m
[33m▲[39m  No story files found for the specified pattern:
[90m│[39m  [34mcomponents/**/*.stories.@(js|jsx|ts|tsx)[39m
[90m│[39m
[33m▲[39m  No story files found for the specified pattern: [34msrc/**/*.stories.mdx[39m
[90m│[39m  [43mVite[49m [36mvite v7.3.2 [32mbuilding client environment for production...[36m[39m
[90m│[39m  [43mVite[49m transforming...
[90m│[39m  [43mVite[49m [32m✓[39m 1433 modules transformed.
[90m│[39m
[33m▲[39m  [43mVite[49m [33mExport "PostsList" of module[39m
[90m│[39m  [33m"src/modules/posts/components/postsList/posts-list.tsx" was reexported[39m
[90m│[39m  [33mthrough module "src/modules/posts/index.ts" while both modules are[39m
[90m│[39m  [33mdependencies of each other and will end up in different chunks by[39m
[90m│[39m  [33mcurrent Rollup settings. This scenario is not well supported at the[39m
[90m│[39m  [33mmoment as it will produce a circular dependency between chunks and[39m
[90m│[39m  [33mwill likely lead to broken execution order.
[90m│[39m  Either change the import in "src/screens/feedScreen/index.tsx" to
[90m│[39m  point directly to the exporting module or reconfigure
[90m│[39m  "output.manualChunks" to ensure these modules end up in the same
[90m│[39m  chunk.[39m
[90m│[39m
[33m▲[39m  [43mVite[49m [33mExport "PostsList" of module[39m
[90m│[39m  [33m"src/modules/posts/components/postsList/posts-list.tsx" was reexported[39m
[90m│[39m  [33mthrough module "src/modules/posts/index.ts" while both modules are[39m
[90m│[39m  [33mdependencies of each other and will end up in different chunks by[39m
[90m│[39m  [33mcurrent Rollup settings. This scenario is not well supported at the[39m
[90m│[39m  [33mmoment as it will produce a circular dependency between chunks and[39m
[90m│[39m  [33mwill likely lead to broken execution order.
[90m│[39m  Either change the import in "src/screens/userProfileScreen/index.tsx"
[90m│[39m  to point directly to the exporting module or reconfigure
[90m│[39m  "output.manualChunks" to ensure these modules end up in the same
[90m│[39m  chunk.[39m
[90m│[39m
[33m▲[39m  [43mVite[49m [33mnode_modules/expo-modules-core/src/uuid/index.web.ts (12:24): Use[39m
[90m│[39m  [33mof eval in "node_modules/expo-modules-core/src/uuid/index.web.ts" is[39m
[90m│[39m  [33mstrongly discouraged as it poses security risks and may cause issues[39m
[90m│[39m  [33mwith minification.[39m
[90m│[39m  [43mVite[49m rendering chunks...
[90m│[39m  [43mVite[49m computing gzip size...
[90m│[39m  [43mVite[49m
[90m│[39m  [2m../../../../../../var/folders/c3/ns78qy1d7mgb6y_d202880g40000gn/T/chromatic--25852-051b72R8hj4d/[22m[2massets/[22m[32mEvilIcons-BXxwJRGH.ttf[39m[1m[2m[22m
[90m│[39m  [2m13.46 kB[22m[1m[22m
[90m│[39m  [43mVite[49m
[90m│[39m  [2m../../../../../../var/folders/c3/ns78qy1d7mgb6y_d202880g40000gn/T/chromatic--25852-051b72R8hj4d/[22m[32miframe.html[39m[1m[2m[22m
[90m│[39m  [2m19.02 kB[22m[1m[22m[2m │ gzip:   5.26 kB[22m
[90m│[39m  [43mVite[49m
[90m│[39m  [2m../../../../../../var/folders/c3/ns78qy1d7mgb6y_d202880g40000gn/T/chromatic--25852-051b72R8hj4d/[22m[2massets/[22m[32mZocial-BrNdn29L.ttf[39m[1m[2m[22m
[90m│[39m  [2m25.79 kB[22m[1m[22m
[90m│[39m  [43mVite[49m
[90m│[39m  [2m../../../../../../var/folders/c3/ns78qy1d7mgb6y_d202880g40000gn/T/chromatic--25852-051b72R8hj4d/[22m[2massets/[22m[32mSimpleLineIcons-mVuQrdSX.ttf[39m[1m[2m[22m
[90m│[39m  [2m54.06 kB[22m[1m[22m
[90m│[39m  [43mVite[49m
[90m│[39m  [2m../../../../../../var/folders/c3/ns78qy1d7mgb6y_d202880g40000gn/T/chromatic--25852-051b72R8hj4d/[22m[2massets/[22m[32mFeather-BIN1t-_Q.ttf[39m[1m[2m[22m
[90m│[39m  [2m55.60 kB[22m[1m[22m
[90m│[39m  [43mVite[49m
[90m│[39m  [2m../../../../../../var/folders/c3/ns78qy1d7mgb6y_d202880g40000gn/T/chromatic--25852-051b72R8hj4d/[22m[2massets/[22m[32mFoundation-D7wNeIVx.ttf[39m[1m[2m[22m
[90m│[39m  [2m56.98 kB[22m[1m[22m
[90m│[39m  [43mVite[49m
[90m│[39m  [2m../../../../../../var/folders/c3/ns78qy1d7mgb6y_d202880g40000gn/T/chromatic--25852-051b72R8hj4d/[22m[2massets/[22m[32mEntypo-b5FxE9xA.ttf[39m[1m[2m[22m
[90m│[39m  [2m66.20 kB[22m[1m[22m
[90m│[39m  [43mVite[49m
[90m│[39m  [2m../../../../../../var/folders/c3/ns78qy1d7mgb6y_d202880g40000gn/T/chromatic--25852-051b72R8hj4d/[22m[2massets/[22m[32mOcticons-lW4CHwk7.ttf[39m[1m[2m[22m
[90m│[39m  [2m69.44 kB[22m[1m[22m
[90m│[39m  [43mVite[49m
[90m│[39m  [2m../../../../../../var/folders/c3/ns78qy1d7mgb6y_d202880g40000gn/T/chromatic--25852-051b72R8hj4d/[22m[2massets/[22m[32mAntDesign-Dge_iNzx.ttf[39m[1m[2m[22m
[90m│[39m  [2m130.48 kB[22m[1m[22m
[90m│[39m  [43mVite[49m
[90m│[39m  [2m../../../../../../var/folders/c3/ns78qy1d7mgb6y_d202880g40000gn/T/chromatic--25852-051b72R8hj4d/[22m[2massets/[22m[32mFontAwesome-CQDK8MU3.ttf[39m[1m[2m[22m
[90m│[39m  [2m165.55 kB[22m[1m[22m
[90m│[39m  [43mVite[49m
[90m│[39m  [2m../../../../../../var/folders/c3/ns78qy1d7mgb6y_d202880g40000gn/T/chromatic--25852-051b72R8hj4d/[22m[2massets/[22m[32mFontisto-PS9_65Gx.ttf[39m[1m[2m[22m
[90m│[39m  [2m313.53 kB[22m[1m[22m
[90m│[39m  [43mVite[49m
[90m│[39m  [2m../../../../../../var/folders/c3/ns78qy1d7mgb6y_d202880g40000gn/T/chromatic--25852-051b72R8hj4d/[22m[2massets/[22m[32mMaterialIcons-7oKWXygK.ttf[39m[1m[2m[22m
[90m│[39m  [2m356.84 kB[22m[1m[22m
[90m│[39m  [43mVite[49m
[90m│[39m  [2m../../../../../../var/folders/c3/ns78qy1d7mgb6y_d202880g40000gn/T/chromatic--25852-051b72R8hj4d/[22m[2massets/[22m[32mIonicons-Dc4IsU-y.ttf[39m[1m[2m[22m
[90m│[39m  [2m389.72 kB[22m[1m[22m
[90m│[39m  [43mVite[49m
[90m│[39m  [2m../../../../../../var/folders/c3/ns78qy1d7mgb6y_d202880g40000gn/T/chromatic--25852-051b72R8hj4d/[22m[2massets/[22m[32mMaterialCommunityIcons-B7mPwVP_.ttf[39m
[90m│[39m  [32m[39m[1m[2m1,307.66 kB[22m[1m[22m
[90m│[39m  [43mVite[49m
[90m│[39m  [2m../../../../../../var/folders/c3/ns78qy1d7mgb6y_d202880g40000gn/T/chromatic--25852-051b72R8hj4d/[22m[2massets/[22m[36mlimits-Bf6Kt515.js[39m[1m[2m[22m
[90m│[39m  [2m0.06 kB[22m[1m[22m[2m │ gzip:   0.08 kB[22m
[90m│[39m  [43mVite[49m
[90m│[39m  [2m../../../../../../var/folders/c3/ns78qy1d7mgb6y_d202880g40000gn/T/chromatic--25852-051b72R8hj4d/[22m[2massets/[22m[36mwithStaticProperties-1zMvkxZp.js[39m[1m[2m[22m
[90m│[39m  [2m0.07 kB[22m[1m[22m[2m │ gzip:   0.09 kB[22m
[90m│[39m  [43mVite[49m
[90m│[39m  [2m../../../../../../var/folders/c3/ns78qy1d7mgb6y_d202880g40000gn/T/chromatic--25852-051b72R8hj4d/[22m[2massets/[22m[36mindex-Dq9UVQTu.js[39m[1m[2m[22m
[90m│[39m  [2m0.13 kB[22m[1m[22m[2m │ gzip:   0.12 kB[22m
[90m│[39m  [43mVite[49m
[90m│[39m  [2m../../../../../../var/folders/c3/ns78qy1d7mgb6y_d202880g40000gn/T/chromatic--25852-051b72R8hj4d/[22m[2massets/[22m[36mQueryProvider-_XqNZ-ZJ.js[39m[1m[2m[22m
[90m│[39m  [2m0.19 kB[22m[1m[22m[2m │ gzip:   0.17 kB[22m
[90m│[39m  [43mVite[49m
[90m│[39m  [2m../../../../../../var/folders/c3/ns78qy1d7mgb6y_d202880g40000gn/T/chromatic--25852-051b72R8hj4d/[22m[2massets/[22m[36mText-CFf-F59d.js[39m[1m[2m[22m
[90m│[39m  [2m0.22 kB[22m[1m[22m[2m │ gzip:   0.19 kB[22m
[90m│[39m  [43mVite[49m
[90m│[39m  [2m../../../../../../var/folders/c3/ns78qy1d7mgb6y_d202880g40000gn/T/chromatic--25852-051b72R8hj4d/[22m[2massets/[22m[36mdivider-DdJNlmo4.js[39m[1m[2m[22m
[90m│[39m  [2m0.25 kB[22m[1m[22m[2m │ gzip:   0.22 kB[22m
[90m│[39m  [43mVite[49m
[90m│[39m  [2m../../../../../../var/folders/c3/ns78qy1d7mgb6y_d202880g40000gn/T/chromatic--25852-051b72R8hj4d/[22m[2massets/[22m[36mexpo-router-A55KCWeF.js[39m[1m[2m[22m
[90m│[39m  [2m0.28 kB[22m[1m[22m[2m │ gzip:   0.17 kB[22m
[90m│[39m  [43mVite[49m
[90m│[39m  [2m../../../../../../var/folders/c3/ns78qy1d7mgb6y_d202880g40000gn/T/chromatic--25852-051b72R8hj4d/[22m[2massets/[22m[36mTextArea-BA3CFpNu.js[39m[1m[2m[22m
[90m│[39m  [2m0.31 kB[22m[1m[22m[2m │ gzip:   0.26 kB[22m
[90m│[39m  [43mVite[49m
[90m│[39m  [2m../../../../../../var/folders/c3/ns78qy1d7mgb6y_d202880g40000gn/T/chromatic--25852-051b72R8hj4d/[22m[2massets/[22m[36mformatter-EIJCOSYU-3Lrm29Aa.js[39m[1m[2m[22m
[90m│[39m  [2m0.31 kB[22m[1m[22m[2m │ gzip:   0.24 kB[22m
[90m│[39m  [43mVite[49m
[90m│[39m  [2m../../../../../../var/folders/c3/ns78qy1d7mgb6y_d202880g40000gn/T/chromatic--25852-051b72R8hj4d/[22m[2massets/[22m[36malertService-CwLbgsSs.js[39m[1m[2m[22m
[90m│[39m  [2m0.32 kB[22m[1m[22m[2m │ gzip:   0.22 kB[22m
[90m│[39m  [43mVite[49m
[90m│[39m  [2m../../../../../../var/folders/c3/ns78qy1d7mgb6y_d202880g40000gn/T/chromatic--25852-051b72R8hj4d/[22m[2massets/[22m[36mindex-CAtd_XTI.js[39m[1m[2m[22m
[90m│[39m  [2m0.44 kB[22m[1m[22m[2m │ gzip:   0.22 kB[22m
[90m│[39m  [43mVite[49m
[90m│[39m  [2m../../../../../../var/folders/c3/ns78qy1d7mgb6y_d202880g40000gn/T/chromatic--25852-051b72R8hj4d/[22m[2massets/[22m[36msetting-section-CcgeSjcA.js[39m[1m[2m[22m
[90m│[39m  [2m0.48 kB[22m[1m[22m[2m │ gzip:   0.32 kB[22m
[90m│[39m  [43mVite[49m
[90m│[39m  [2m../../../../../../var/folders/c3/ns78qy1d7mgb6y_d202880g40000gn/T/chromatic--25852-051b72R8hj4d/[22m[2massets/[22m[36mSizableText-Bm45l_pX.js[39m[1m[2m[22m
[90m│[39m  [2m0.51 kB[22m[1m[22m[2m │ gzip:   0.35 kB[22m
[90m│[39m  [43mVite[49m
[90m│[39m  [2m../../../../../../var/folders/c3/ns78qy1d7mgb6y_d202880g40000gn/T/chromatic--25852-051b72R8hj4d/[22m[2massets/[22m[36mwelcome-header-DwBCfeEF.js[39m[1m[2m[22m
[90m│[39m  [2m0.59 kB[22m[1m[22m[2m │ gzip:   0.39 kB[22m
[90m│[39m  [43mVite[49m
[90m│[39m  [2m../../../../../../var/folders/c3/ns78qy1d7mgb6y_d202880g40000gn/T/chromatic--25852-051b72R8hj4d/[22m[2massets/[22m[36mmappers-B7jkha6s.js[39m[1m[2m[22m
[90m│[39m  [2m0.63 kB[22m[1m[22m[2m │ gzip:   0.41 kB[22m
[90m│[39m  [43mVite[49m
[90m│[39m  [2m../../../../../../var/folders/c3/ns78qy1d7mgb6y_d202880g40000gn/T/chromatic--25852-051b72R8hj4d/[22m[2massets/[22m[36mindex-BAykqq7K.js[39m[1m[2m[22m
[90m│[39m  [2m0.63 kB[22m[1m[22m[2m │ gzip:   0.39 kB[22m
[90m│[39m  [43mVite[49m
[90m│[39m  [2m../../../../../../var/folders/c3/ns78qy1d7mgb6y_d202880g40000gn/T/chromatic--25852-051b72R8hj4d/[22m[2massets/[22m[36mThemeableStack-DgB4zpnU.js[39m[1m[2m[22m
[90m│[39m  [2m0.73 kB[22m[1m[22m[2m │ gzip:   0.41 kB[22m
[90m│[39m  [43mVite[49m
[90m│[39m  [2m../../../../../../var/folders/c3/ns78qy1d7mgb6y_d202880g40000gn/T/chromatic--25852-051b72R8hj4d/[22m[2massets/[22m[36merrorMessage-C90r4A_t.js[39m[1m[2m[22m
[90m│[39m  [2m0.92 kB[22m[1m[22m[2m │ gzip:   0.52 kB[22m
[90m│[39m  [43mVite[49m
[90m│[39m  [2m../../../../../../var/folders/c3/ns78qy1d7mgb6y_d202880g40000gn/T/chromatic--25852-051b72R8hj4d/[22m[2massets/[22m[36mwelcome-header.stories-qfXgbEe0.js[39m[1m[2m[22m
[90m│[39m  [2m0.96 kB[22m[1m[22m[2m │ gzip:   0.45 kB[22m
[90m│[39m  [43mVite[49m
[90m│[39m  [2m../../../../../../var/folders/c3/ns78qy1d7mgb6y_d202880g40000gn/T/chromatic--25852-051b72R8hj4d/[22m[2massets/[22m[36minfo-block-C4H0ZoOS.js[39m[1m[2m[22m
[90m│[39m  [2m1.10 kB[22m[1m[22m[2m │ gzip:   0.54 kB[22m
[90m│[39m  [43mVite[49m
[90m│[39m  [2m../../../../../../var/folders/c3/ns78qy1d7mgb6y_d202880g40000gn/T/chromatic--25852-051b72R8hj4d/[22m[2massets/[22m[36mthemeStore-BQRmNQLn.js[39m[1m[2m[22m
[90m│[39m  [2m1.12 kB[22m[1m[22m[2m │ gzip:   0.62 kB[22m
[90m│[39m  [43mVite[49m
[90m│[39m  [2m../../../../../../var/folders/c3/ns78qy1d7mgb6y_d202880g40000gn/T/chromatic--25852-051b72R8hj4d/[22m[2massets/[22m[36mlanguage-selector.stories-C2veMTLg.js[39m[1m[2m[22m
[90m│[39m  [2m1.15 kB[22m[1m[22m[2m │ gzip:   0.53 kB[22m
[90m│[39m  [43mVite[49m
[90m│[39m  [2m../../../../../../var/folders/c3/ns78qy1d7mgb6y_d202880g40000gn/T/chromatic--25852-051b72R8hj4d/[22m[2massets/[22m[36mpreload-helper-Zf8nSx-t.js[39m[1m[2m[22m
[90m│[39m  [2m1.23 kB[22m[1m[22m[2m │ gzip:   0.71 kB[22m
[90m│[39m  [43mVite[49m
[90m│[39m  [2m../../../../../../var/folders/c3/ns78qy1d7mgb6y_d202880g40000gn/T/chromatic--25852-051b72R8hj4d/[22m[2massets/[22m[36mavatar-picker-BQjcQdWS.js[39m[1m[2m[22m
[90m│[39m  [2m1.26 kB[22m[1m[22m[2m │ gzip:   0.70 kB[22m
[90m│[39m  [43mVite[49m
[90m│[39m  [2m../../../../../../var/folders/c3/ns78qy1d7mgb6y_d202880g40000gn/T/chromatic--25852-051b72R8hj4d/[22m[2massets/[22m[36mheader-cVkp0NJ1.js[39m[1m[2m[22m
[90m│[39m  [2m1.30 kB[22m[1m[22m[2m │ gzip:   0.67 kB[22m
[90m│[39m  [43mVite[49m
[90m│[39m  [2m../../../../../../var/folders/c3/ns78qy1d7mgb6y_d202880g40000gn/T/chromatic--25852-051b72R8hj4d/[22m[2massets/[22m[36mindex-9fmtoCQ8.js[39m[1m[2m[22m
[90m│[39m  [2m1.33 kB[22m[1m[22m[2m │ gzip:   0.75 kB[22m
[90m│[39m  [43mVite[49m
[90m│[39m  [2m../../../../../../var/folders/c3/ns78qy1d7mgb6y_d202880g40000gn/T/chromatic--25852-051b72R8hj4d/[22m[2massets/[22m[36merrorMessage.stories-h82SLJC7.js[39m[1m[2m[22m
[90m│[39m  [2m1.33 kB[22m[1m[22m[2m │ gzip:   0.53 kB[22m
[90m│[39m  [43mVite[49m
[90m│[39m  [2m../../../../../../var/folders/c3/ns78qy1d7mgb6y_d202880g40000gn/T/chromatic--25852-051b72R8hj4d/[22m[2massets/[22m[36msearch-input-DnbNY0oJ.js[39m[1m[2m[22m
[90m│[39m  [2m1.37 kB[22m[1m[22m[2m │ gzip:   0.75 kB[22m
[90m│[39m  [43mVite[49m
[90m│[39m  [2m../../../../../../var/folders/c3/ns78qy1d7mgb6y_d202880g40000gn/T/chromatic--25852-051b72R8hj4d/[22m[2massets/[22m[36mcreate-context-DXBb48EI.js[39m[1m[2m[22m
[90m│[39m  [2m1.38 kB[22m[1m[22m[2m │ gzip:   0.64 kB[22m
[90m│[39m  [43mVite[49m
[90m│[39m  [2m../../../../../../var/folders/c3/ns78qy1d7mgb6y_d202880g40000gn/T/chromatic--25852-051b72R8hj4d/[22m[2massets/[22m[36memailInput-CjHHDjGo.js[39m[1m[2m[22m
[90m│[39m  [2m1.49 kB[22m[1m[22m[2m │ gzip:   0.81 kB[22m
[90m│[39m  [43mVite[49m
[90m│[39m  [2m../../../../../../var/folders/c3/ns78qy1d7mgb6y_d202880g40000gn/T/chromatic--25852-051b72R8hj4d/[22m[2massets/[22m[36mindex-BBf_1HU8.js[39m[1m[2m[22m
[90m│[39m  [2m1.50 kB[22m[1m[22m[2m │ gzip:   0.82 kB[22m
[90m│[39m  [43mVite[49m
[90m│[39m  [2m../../../../../../var/folders/c3/ns78qy1d7mgb6y_d202880g40000gn/T/chromatic--25852-051b72R8hj4d/[22m[2massets/[22m[36mtabs-BJdqWzr7.js[39m[1m[2m[22m
[90m│[39m  [2m1.53 kB[22m[1m[22m[2m │ gzip:   0.69 kB[22m
[90m│[39m  [43mVite[49m
[90m│[39m  [2m../../../../../../var/folders/c3/ns78qy1d7mgb6y_d202880g40000gn/T/chromatic--25852-051b72R8hj4d/[22m[2massets/[22m[36mcreate-post.stories-BuDvclua.js[39m[1m[2m[22m
[90m│[39m  [2m1.58 kB[22m[1m[22m[2m │ gzip:   0.73 kB[22m
[90m│[39m  [43mVite[49m
[90m│[39m  [2m../../../../../../var/folders/c3/ns78qy1d7mgb6y_d202880g40000gn/T/chromatic--25852-051b72R8hj4d/[22m[2massets/[22m[36medit-post.stories-JlD_hlV1.js[39m[1m[2m[22m
[90m│[39m  [2m1.58 kB[22m[1m[22m[2m │ gzip:   0.77 kB[22m
[90m│[39m  [43mVite[49m
[90m│[39m  [2m../../../../../../var/folders/c3/ns78qy1d7mgb6y_d202880g40000gn/T/chromatic--25852-051b72R8hj4d/[22m[2massets/[22m[36mcomment-input-COfGaxsr.js[39m[1m[2m[22m
[90m│[39m  [2m1.59 kB[22m[1m[22m[2m │ gzip:   0.82 kB[22m
[90m│[39m  [43mVite[49m
[90m│[39m  [2m../../../../../../var/folders/c3/ns78qy1d7mgb6y_d202880g40000gn/T/chromatic--25852-051b72R8hj4d/[22m[2massets/[22m[36musers-list-BgLeab2C.js[39m[1m[2m[22m
[90m│[39m  [2m1.76 kB[22m[1m[22m[2m │ gzip:   0.90 kB[22m
[90m│[39m  [43mVite[49m
[90m│[39m  [2m../../../../../../var/folders/c3/ns78qy1d7mgb6y_d202880g40000gn/T/chromatic--25852-051b72R8hj4d/[22m[2massets/[22m[36mpost-header-B1hRddBv.js[39m[1m[2m[22m
[90m│[39m  [2m1.77 kB[22m[1m[22m[2m │ gzip:   0.83 kB[22m
[90m│[39m  [43mVite[49m
[90m│[39m  [2m../../../../../../var/folders/c3/ns78qy1d7mgb6y_d202880g40000gn/T/chromatic--25852-051b72R8hj4d/[22m[2massets/[22m[36mpost-header.stories-C7cvfiG5.js[39m[1m[2m[22m
[90m│[39m  [2m1.87 kB[22m[1m[22m[2m │ gzip:   0.73 kB[22m
[90m│[39m  [43mVite[49m
[90m│[39m  [2m../../../../../../var/folders/c3/ns78qy1d7mgb6y_d202880g40000gn/T/chromatic--25852-051b72R8hj4d/[22m[2massets/[22m[36mindex-DEbjJ39_.js[39m[1m[2m[22m
[90m│[39m  [2m1.88 kB[22m[1m[22m[2m │ gzip:   1.02 kB[22m
[90m│[39m  [43mVite[49m
[90m│[39m  [2m../../../../../../var/folders/c3/ns78qy1d7mgb6y_d202880g40000gn/T/chromatic--25852-051b72R8hj4d/[22m[2massets/[22m[36msetting-section.stories-CTwR112q.js[39m[1m[2m[22m
[90m│[39m  [2m1.88 kB[22m[1m[22m[2m │ gzip:   0.62 kB[22m
[90m│[39m  [43mVite[49m
[90m│[39m  [2m../../../../../../var/folders/c3/ns78qy1d7mgb6y_d202880g40000gn/T/chromatic--25852-051b72R8hj4d/[22m[2massets/[22m[36mpasswordStrengthHint-WzQ7WE0y.js[39m[1m[2m[22m
[90m│[39m  [2m1.88 kB[22m[1m[22m[2m │ gzip:   0.93 kB[22m
[90m│[39m  [43mVite[49m
[90m│[39m  [2m../../../../../../var/folders/c3/ns78qy1d7mgb6y_d202880g40000gn/T/chromatic--25852-051b72R8hj4d/[22m[2massets/[22m[36mpost-actions.stories-mjyt6Hrb.js[39m[1m[2m[22m
[90m│[39m  [2m1.93 kB[22m[1m[22m[2m │ gzip:   0.75 kB[22m
[90m│[39m  [43mVite[49m
[90m│[39m  [2m../../../../../../var/folders/c3/ns78qy1d7mgb6y_d202880g40000gn/T/chromatic--25852-051b72R8hj4d/[22m[2massets/[22m[36mreply-input-okmkdwaF.js[39m[1m[2m[22m
[90m│[39m  [2m1.96 kB[22m[1m[22m[2m │ gzip:   0.88 kB[22m
[90m│[39m  [43mVite[49m
[90m│[39m  [2m../../../../../../var/folders/c3/ns78qy1d7mgb6y_d202880g40000gn/T/chromatic--25852-051b72R8hj4d/[22m[2massets/[22m[36mstyled-button-CE86Sn-8.js[39m[1m[2m[22m
[90m│[39m  [2m1.98 kB[22m[1m[22m[2m │ gzip:   0.78 kB[22m
[90m│[39m  [43mVite[49m
[90m│[39m  [2m../../../../../../var/folders/c3/ns78qy1d7mgb6y_d202880g40000gn/T/chromatic--25852-051b72R8hj4d/[22m[2massets/[22m[36msettings-block.stories-DtaTurGb.js[39m[1m[2m[22m
[90m│[39m  [2m1.99 kB[22m[1m[22m[2m │ gzip:   0.92 kB[22m
[90m│[39m  [43mVite[49m
[90m│[39m  [2m../../../../../../var/folders/c3/ns78qy1d7mgb6y_d202880g40000gn/T/chromatic--25852-051b72R8hj4d/[22m[2massets/[22m[36msearch-input.stories-Cd1MrNqh.js[39m[1m[2m[22m
[90m│[39m  [2m2.06 kB[22m[1m[22m[2m │ gzip:   0.87 kB[22m
[90m│[39m  [43mVite[49m
[90m│[39m  [2m../../../../../../var/folders/c3/ns78qy1d7mgb6y_d202880g40000gn/T/chromatic--25852-051b72R8hj4d/[22m[2massets/[22m[36mauthStore-FM980t_W.js[39m[1m[2m[22m
[90m│[39m  [2m2.13 kB[22m[1m[22m[2m │ gzip:   0.88 kB[22m
[90m│[39m  [43mVite[49m
[90m│[39m  [2m../../../../../../var/folders/c3/ns78qy1d7mgb6y_d202880g40000gn/T/chromatic--25852-051b72R8hj4d/[22m[2massets/[22m[36mpost-actions-sei68KSA.js[39m[1m[2m[22m
[90m│[39m  [2m2.25 kB[22m[1m[22m[2m │ gzip:   0.77 kB[22m
[90m│[39m  [43mVite[49m
[90m│[39m  [2m../../../../../../var/folders/c3/ns78qy1d7mgb6y_d202880g40000gn/T/chromatic--25852-051b72R8hj4d/[22m[2massets/[22m[36msetting-item.stories-C6H8GMQW.js[39m[1m[2m[22m
[90m│[39m  [2m2.26 kB[22m[1m[22m[2m │ gzip:   0.76 kB[22m
[90m│[39m  [43mVite[49m
[90m│[39m  [2m../../../../../../var/folders/c3/ns78qy1d7mgb6y_d202880g40000gn/T/chromatic--25852-051b72R8hj4d/[22m[2massets/[22m[36mpost-edit-menu.stories-xOYfJWbE.js[39m[1m[2m[22m
[90m│[39m  [2m2.29 kB[22m[1m[22m[2m │ gzip:   0.83 kB[22m
[90m│[39m  [43mVite[49m
[90m│[39m  [2m../../../../../../var/folders/c3/ns78qy1d7mgb6y_d202880g40000gn/T/chromatic--25852-051b72R8hj4d/[22m[2massets/[22m[36mAvatar-CBQDb7XW.js[39m[1m[2m[22m
[90m│[39m  [2m2.29 kB[22m[1m[22m[2m │ gzip:   1.19 kB[22m
[90m│[39m  [43mVite[49m
[90m│[39m  [2m../../../../../../var/folders/c3/ns78qy1d7mgb6y_d202880g40000gn/T/chromatic--25852-051b72R8hj4d/[22m[2massets/[22m[36mpost-edit-menu-D9zvOYKq.js[39m[1m[2m[22m
[90m│[39m  [2m2.36 kB[22m[1m[22m[2m │ gzip:   0.99 kB[22m
[90m│[39m  [43mVite[49m
[90m│[39m  [2m../../../../../../var/folders/c3/ns78qy1d7mgb6y_d202880g40000gn/T/chromatic--25852-051b72R8hj4d/[22m[2massets/[22m[36mheader.stories-DxMxgyfV.js[39m[1m[2m[22m
[90m│[39m  [2m2.39 kB[22m[1m[22m[2m │ gzip:   0.72 kB[22m
[90m│[39m  [43mVite[49m
[90m│[39m  [2m../../../../../../var/folders/c3/ns78qy1d7mgb6y_d202880g40000gn/T/chromatic--25852-051b72R8hj4d/[22m[2massets/[22m[36mlanguage-selector-BKk2Ob0g.js[39m[1m[2m[22m
[90m│[39m  [2m2.40 kB[22m[1m[22m[2m │ gzip:   1.12 kB[22m
[90m│[39m  [43mVite[49m
[90m│[39m  [2m../../../../../../var/folders/c3/ns78qy1d7mgb6y_d202880g40000gn/T/chromatic--25852-051b72R8hj4d/[22m[2massets/[22m[36mpasswordInput-B6DGlNns.js[39m[1m[2m[22m
[90m│[39m  [2m2.44 kB[22m[1m[22m[2m │ gzip:   1.19 kB[22m
[90m│[39m  [43mVite[49m
[90m│[39m  [2m../../../../../../var/folders/c3/ns78qy1d7mgb6y_d202880g40000gn/T/chromatic--25852-051b72R8hj4d/[22m[2massets/[22m[36mavatar-picker.stories-Dq6VU8TZ.js[39m[1m[2m[22m
[90m│[39m  [2m2.48 kB[22m[1m[22m[2m │ gzip:   0.82 kB[22m
[90m│[39m  [43mVite[49m
[90m│[39m  [2m../../../../../../var/folders/c3/ns78qy1d7mgb6y_d202880g40000gn/T/chromatic--25852-051b72R8hj4d/[22m[2massets/[22m[36mtabs.stories-BL_4TlaE.js[39m[1m[2m[22m
[90m│[39m  [2m2.50 kB[22m[1m[22m[2m │ gzip:   0.73 kB[22m
[90m│[39m  [43mVite[49m
[90m│[39m  [2m../../../../../../var/folders/c3/ns78qy1d7mgb6y_d202880g40000gn/T/chromatic--25852-051b72R8hj4d/[22m[2massets/[22m[36mcomments-list-GiTCo6AI.js[39m[1m[2m[22m
[90m│[39m  [2m2.60 kB[22m[1m[22m[2m │ gzip:   0.83 kB[22m
[90m│[39m  [43mVite[49m
[90m│[39m  [2m../../../../../../var/folders/c3/ns78qy1d7mgb6y_d202880g40000gn/T/chromatic--25852-051b72R8hj4d/[22m[2massets/[22m[36muser-profile-header.stories-6dXy0a-7.js[39m[1m[2m[22m
[90m│[39m  [2m2.74 kB[22m[1m[22m[2m │ gzip:   1.22 kB[22m
[90m│[39m  [43mVite[49m
[90m│[39m  [2m../../../../../../var/folders/c3/ns78qy1d7mgb6y_d202880g40000gn/T/chromatic--25852-051b72R8hj4d/[22m[2massets/[22m[36muser-card.stories-CT6XnB2U.js[39m[1m[2m[22m
[90m│[39m  [2m2.78 kB[22m[1m[22m[2m │ gzip:   1.03 kB[22m
[90m│[39m  [43mVite[49m
[90m│[39m  [2m../../../../../../var/folders/c3/ns78qy1d7mgb6y_d202880g40000gn/T/chromatic--25852-051b72R8hj4d/[22m[2massets/[22m[36mconfirm-dialog-C4SdpM58.js[39m[1m[2m[22m
[90m│[39m  [2m2.79 kB[22m[1m[22m[2m │ gzip:   1.11 kB[22m
[90m│[39m  [43mVite[49m
[90m│[39m  [2m../../../../../../var/folders/c3/ns78qy1d7mgb6y_d202880g40000gn/T/chromatic--25852-051b72R8hj4d/[22m[2massets/[22m[36mdivider.stories-DP444mMN.js[39m[1m[2m[22m
[90m│[39m  [2m2.81 kB[22m[1m[22m[2m │ gzip:   0.64 kB[22m
[90m│[39m  [43mVite[49m
[90m│[39m  [2m../../../../../../var/folders/c3/ns78qy1d7mgb6y_d202880g40000gn/T/chromatic--25852-051b72R8hj4d/[22m[2massets/[22m[36mStacks-woYWT5M_.js[39m[1m[2m[22m
[90m│[39m  [2m2.93 kB[22m[1m[22m[2m │ gzip:   1.44 kB[22m
[90m│[39m  [43mVite[49m
[90m│[39m  [2m../../../../../../var/folders/c3/ns78qy1d7mgb6y_d202880g40000gn/T/chromatic--25852-051b72R8hj4d/[22m[2massets/[22m[36mcustom-alert-wCf_GH7a.js[39m[1m[2m[22m
[90m│[39m  [2m2.94 kB[22m[1m[22m[2m │ gzip:   1.27 kB[22m
[90m│[39m  [43mVite[49m
[90m│[39m  [2m../../../../../../var/folders/c3/ns78qy1d7mgb6y_d202880g40000gn/T/chromatic--25852-051b72R8hj4d/[22m[2massets/[22m[36mresend-section.stories-BsjtbAZs.js[39m[1m[2m[22m
[90m│[39m  [2m3.05 kB[22m[1m[22m[2m │ gzip:   1.21 kB[22m
[90m│[39m  [43mVite[49m
[90m│[39m  [2m../../../../../../var/folders/c3/ns78qy1d7mgb6y_d202880g40000gn/T/chromatic--25852-051b72R8hj4d/[22m[2massets/[22m[36mstyled-input.stories-CAziTNXb.js[39m[1m[2m[22m
[90m│[39m  [2m3.08 kB[22m[1m[22m[2m │ gzip:   0.89 kB[22m
[90m│[39m  [43mVite[49m
[90m│[39m  [2m../../../../../../var/folders/c3/ns78qy1d7mgb6y_d202880g40000gn/T/chromatic--25852-051b72R8hj4d/[22m[2massets/[22m[36mprofile-header.stories-CkUb8ZQX.js[39m[1m[2m[22m
[90m│[39m  [2m3.09 kB[22m[1m[22m[2m │ gzip:   1.48 kB[22m
[90m│[39m  [43mVite[49m
[90m│[39m  [2m../../../../../../var/folders/c3/ns78qy1d7mgb6y_d202880g40000gn/T/chromatic--25852-051b72R8hj4d/[22m[2massets/[22m[36memailInput.stories-BrnKW-Iq.js[39m[1m[2m[22m
[90m│[39m  [2m3.09 kB[22m[1m[22m[2m │ gzip:   1.12 kB[22m
[90m│[39m  [43mVite[49m
[90m│[39m  [2m../../../../../../var/folders/c3/ns78qy1d7mgb6y_d202880g40000gn/T/chromatic--25852-051b72R8hj4d/[22m[2massets/[22m[36museTranslation-C34kDPJF.js[39m[1m[2m[22m
[90m│[39m  [2m3.11 kB[22m[1m[22m[2m │ gzip:   1.53 kB[22m
[90m│[39m  [43mVite[49m
[90m│[39m  [2m../../../../../../var/folders/c3/ns78qy1d7mgb6y_d202880g40000gn/T/chromatic--25852-051b72R8hj4d/[22m[2massets/[22m[36mcomment-input.stories-C3d3T6-e.js[39m[1m[2m[22m
[90m│[39m  [2m3.15 kB[22m[1m[22m[2m │ gzip:   1.02 kB[22m
[90m│[39m  [43mVite[49m
[90m│[39m  [2m../../../../../../var/folders/c3/ns78qy1d7mgb6y_d202880g40000gn/T/chromatic--25852-051b72R8hj4d/[22m[2massets/[22m[36musers-list.stories-BMY5rvvA.js[39m[1m[2m[22m
[90m│[39m  [2m3.24 kB[22m[1m[22m[2m │ gzip:   1.19 kB[22m
[90m│[39m  [43mVite[49m
[90m│[39m  [2m../../../../../../var/folders/c3/ns78qy1d7mgb6y_d202880g40000gn/T/chromatic--25852-051b72R8hj4d/[22m[2massets/[22m[36mreply-item.stories-BR_uy_P0.js[39m[1m[2m[22m
[90m│[39m  [2m3.26 kB[22m[1m[22m[2m │ gzip:   1.03 kB[22m
[90m│[39m  [43mVite[49m
[90m│[39m  [2m../../../../../../var/folders/c3/ns78qy1d7mgb6y_d202880g40000gn/T/chromatic--25852-051b72R8hj4d/[22m[2massets/[22m[36mreply-input.stories-BhlQUZuQ.js[39m[1m[2m[22m
[90m│[39m  [2m3.36 kB[22m[1m[22m[2m │ gzip:   1.05 kB[22m
[90m│[39m  [43mVite[49m
[90m│[39m  [2m../../../../../../var/folders/c3/ns78qy1d7mgb6y_d202880g40000gn/T/chromatic--25852-051b72R8hj4d/[22m[2massets/[22m[36minfo-block.stories-DiTJmAOX.js[39m[1m[2m[22m
[90m│[39m  [2m3.37 kB[22m[1m[22m[2m │ gzip:   0.88 kB[22m
[90m│[39m  [43mVite[49m
[90m│[39m  [2m../../../../../../var/folders/c3/ns78qy1d7mgb6y_d202880g40000gn/T/chromatic--25852-051b72R8hj4d/[22m[2massets/[22m[36mprofile-form-fields-s1zcyH5j.js[39m[1m[2m[22m
[90m│[39m  [2m3.42 kB[22m[1m[22m[2m │ gzip:   0.99 kB[22m
[90m│[39m  [43mVite[49m
[90m│[39m  [2m../../../../../../var/folders/c3/ns78qy1d7mgb6y_d202880g40000gn/T/chromatic--25852-051b72R8hj4d/[22m[2massets/[22m[36mInput-B867bv1U.js[39m[1m[2m[22m
[90m│[39m  [2m3.50 kB[22m[1m[22m[2m │ gzip:   1.73 kB[22m
[90m│[39m  [43mVite[49m
[90m│[39m  [2m../../../../../../var/folders/c3/ns78qy1d7mgb6y_d202880g40000gn/T/chromatic--25852-051b72R8hj4d/[22m[2massets/[22m[36mindex-w2O0BuaJ.js[39m[1m[2m[22m
[90m│[39m  [2m3.66 kB[22m[1m[22m[2m │ gzip:   1.38 kB[22m
[90m│[39m  [43mVite[49m
[90m│[39m  [2m../../../../../../var/folders/c3/ns78qy1d7mgb6y_d202880g40000gn/T/chromatic--25852-051b72R8hj4d/[22m[2massets/[22m[36mpasswordInput.stories-RZv-Wiym.js[39m[1m[2m[22m
[90m│[39m  [2m3.70 kB[22m[1m[22m[2m │ gzip:   1.22 kB[22m
[90m│[39m  [43mVite[49m
[90m│[39m  [2m../../../../../../var/folders/c3/ns78qy1d7mgb6y_d202880g40000gn/T/chromatic--25852-051b72R8hj4d/[22m[2massets/[22m[36mpost-card.stories-DAcS46Ki.js[39m[1m[2m[22m
[90m│[39m  [2m3.72 kB[22m[1m[22m[2m │ gzip:   1.54 kB[22m
[90m│[39m  [43mVite[49m
[90m│[39m  [2m../../../../../../var/folders/c3/ns78qy1d7mgb6y_d202880g40000gn/T/chromatic--25852-051b72R8hj4d/[22m[2massets/[22m[36mpasswordStrengthHint.stories-BcdwFuUe.js[39m[1m[2m[22m
[90m│[39m  [2m3.75 kB[22m[1m[22m[2m │ gzip:   0.85 kB[22m
[90m│[39m  [43mVite[49m
[90m│[39m  [2m../../../../../../var/folders/c3/ns78qy1d7mgb6y_d202880g40000gn/T/chromatic--25852-051b72R8hj4d/[22m[2massets/[22m[36mstyled-input-BJ3wix0v.js[39m[1m[2m[22m
[90m│[39m  [2m3.78 kB[22m[1m[22m[2m │ gzip:   0.96 kB[22m
[90m│[39m  [43mVite[49m
[90m│[39m  [2m../../../../../../var/folders/c3/ns78qy1d7mgb6y_d202880g40000gn/T/chromatic--25852-051b72R8hj4d/[22m[2massets/[22m[36mconfirm-dialog.stories-y8NvrGq_.js[39m[1m[2m[22m
[90m│[39m  [2m3.96 kB[22m[1m[22m[2m │ gzip:   1.09 kB[22m
[90m│[39m  [43mVite[49m
[90m│[39m  [2m../../../../../../var/folders/c3/ns78qy1d7mgb6y_d202880g40000gn/T/chromatic--25852-051b72R8hj4d/[22m[2massets/[22m[36mprofile-header-DRqKhw5D.js[39m[1m[2m[22m
[90m│[39m  [2m3.96 kB[22m[1m[22m[2m │ gzip:   1.51 kB[22m
[90m│[39m  [43mVite[49m
[90m│[39m  [2m../../../../../../var/folders/c3/ns78qy1d7mgb6y_d202880g40000gn/T/chromatic--25852-051b72R8hj4d/[22m[2massets/[22m[36mposts-list.stories-BApgpaFM.js[39m[1m[2m[22m
[90m│[39m  [2m4.19 kB[22m[1m[22m[2m │ gzip:   1.63 kB[22m
[90m│[39m  [43mVite[49m
[90m│[39m  [2m../../../../../../var/folders/c3/ns78qy1d7mgb6y_d202880g40000gn/T/chromatic--25852-051b72R8hj4d/[22m[2massets/[22m[36muser-profile-header-CLsYuJ3_.js[39m[1m[2m[22m
[90m│[39m  [2m4.34 kB[22m[1m[22m[2m │ gzip:   1.65 kB[22m
[90m│[39m  [43mVite[49m
[90m│[39m  [2m../../../../../../var/folders/c3/ns78qy1d7mgb6y_d202880g40000gn/T/chromatic--25852-051b72R8hj4d/[22m[2massets/[22m[36mstyled-button.stories-Dw9NtoNG.js[39m[1m[2m[22m
[90m│[39m  [2m4.46 kB[22m[1m[22m[2m │ gzip:   1.03 kB[22m
[90m│[39m  [43mVite[49m
[90m│[39m  [2m../../../../../../var/folders/c3/ns78qy1d7mgb6y_d202880g40000gn/T/chromatic--25852-051b72R8hj4d/[22m[2massets/[22m[36mcomment-item-jeUBEC6P.js[39m[1m[2m[22m
[90m│[39m  [2m4.59 kB[22m[1m[22m[2m │ gzip:   1.52 kB[22m
[90m│[39m  [43mVite[49m
[90m│[39m  [2m../../../../../../var/folders/c3/ns78qy1d7mgb6y_d202880g40000gn/T/chromatic--25852-051b72R8hj4d/[22m[2massets/[22m[36mprofile-form-fields.stories-Ds3vQ2MF.js[39m[1m[2m[22m
[90m│[39m  [2m4.59 kB[22m[1m[22m[2m │ gzip:   1.21 kB[22m
[90m│[39m  [43mVite[49m
[90m│[39m  [2m../../../../../../var/folders/c3/ns78qy1d7mgb6y_d202880g40000gn/T/chromatic--25852-051b72R8hj4d/[22m[2massets/[22m[36mprofile-filling.stories-BmZZrvqi.js[39m[1m[2m[22m
[90m│[39m  [2m4.61 kB[22m[1m[22m[2m │ gzip:   2.07 kB[22m
[90m│[39m  [43mVite[49m
[90m│[39m  [2m../../../../../../var/folders/c3/ns78qy1d7mgb6y_d202880g40000gn/T/chromatic--25852-051b72R8hj4d/[22m[2massets/[22m[36mcomments-list.stories-BI6nG5kI.js[39m[1m[2m[22m
[90m│[39m  [2m4.70 kB[22m[1m[22m[2m │ gzip:   1.43 kB[22m
[90m│[39m  [43mVite[49m
[90m│[39m  [2m../../../../../../var/folders/c3/ns78qy1d7mgb6y_d202880g40000gn/T/chromatic--25852-051b72R8hj4d/[22m[2massets/[22m[36mButton-nuTGxbBP.js[39m[1m[2m[22m
[90m│[39m  [2m4.71 kB[22m[1m[22m[2m │ gzip:   2.17 kB[22m
[90m│[39m  [43mVite[49m
[90m│[39m  [2m../../../../../../var/folders/c3/ns78qy1d7mgb6y_d202880g40000gn/T/chromatic--25852-051b72R8hj4d/[22m[2massets/[22m[36mindex.stories-BtjUyEU8.js[39m[1m[2m[22m
[90m│[39m  [2m4.77 kB[22m[1m[22m[2m │ gzip:   1.75 kB[22m
[90m│[39m  [43mVite[49m
[90m│[39m  [2m../../../../../../var/folders/c3/ns78qy1d7mgb6y_d202880g40000gn/T/chromatic--25852-051b72R8hj4d/[22m[2massets/[22m[36mindex-DVv9k3D8.js[39m[1m[2m[22m
[90m│[39m  [2m4.88 kB[22m[1m[22m[2m │ gzip:   1.92 kB[22m
[90m│[39m  [43mVite[49m
[90m│[39m  [2m../../../../../../var/folders/c3/ns78qy1d7mgb6y_d202880g40000gn/T/chromatic--25852-051b72R8hj4d/[22m[2massets/[22m[36mcreate-post-CTcgJmwI.js[39m[1m[2m[22m
[90m│[39m  [2m4.91 kB[22m[1m[22m[2m │ gzip:   1.99 kB[22m
[90m│[39m  [43mVite[49m
[90m│[39m  [2m../../../../../../var/folders/c3/ns78qy1d7mgb6y_d202880g40000gn/T/chromatic--25852-051b72R8hj4d/[22m[2massets/[22m[36mindex.stories-BJ4JrbVV.js[39m[1m[2m[22m
[90m│[39m  [2m5.12 kB[22m[1m[22m[2m │ gzip:   2.33 kB[22m
[90m│[39m  [43mVite[49m
[90m│[39m  [2m../../../../../../var/folders/c3/ns78qy1d7mgb6y_d202880g40000gn/T/chromatic--25852-051b72R8hj4d/[22m[2massets/[22m[36mindex.stories-CM_cCuUc.js[39m[1m[2m[22m
[90m│[39m  [2m5.18 kB[22m[1m[22m[2m │ gzip:   2.32 kB[22m
[90m│[39m  [43mVite[49m
[90m│[39m  [2m../../../../../../var/folders/c3/ns78qy1d7mgb6y_d202880g40000gn/T/chromatic--25852-051b72R8hj4d/[22m[2massets/[22m[36mindex-vMHQPWAQ.js[39m[1m[2m[22m
[90m│[39m  [2m5.32 kB[22m[1m[22m[2m │ gzip:   2.33 kB[22m
[90m│[39m  [43mVite[49m
[90m│[39m  [2m../../../../../../var/folders/c3/ns78qy1d7mgb6y_d202880g40000gn/T/chromatic--25852-051b72R8hj4d/[22m[2massets/[22m[36mImagePicker-So-m2HtY.js[39m[1m[2m[22m
[90m│[39m  [2m5.36 kB[22m[1m[22m[2m │ gzip:   2.20 kB[22m
[90m│[39m  [43mVite[49m
[90m│[39m  [2m../../../../../../var/folders/c3/ns78qy1d7mgb6y_d202880g40000gn/T/chromatic--25852-051b72R8hj4d/[22m[2massets/[22m[36muser-card-CS7ofzAr.js[39m[1m[2m[22m
[90m│[39m  [2m5.47 kB[22m[1m[22m[2m │ gzip:   1.95 kB[22m
[90m│[39m  [43mVite[49m
[90m│[39m  [2m../../../../../../var/folders/c3/ns78qy1d7mgb6y_d202880g40000gn/T/chromatic--25852-051b72R8hj4d/[22m[2massets/[22m[36mindex.stories-DMc46aFz.js[39m[1m[2m[22m
[90m│[39m  [2m5.57 kB[22m[1m[22m[2m │ gzip:   2.64 kB[22m
[90m│[39m  [43mVite[49m
[90m│[39m  [2m../../../../../../var/folders/c3/ns78qy1d7mgb6y_d202880g40000gn/T/chromatic--25852-051b72R8hj4d/[22m[2massets/[22m[36mreply-item-C-ViYRtZ.js[39m[1m[2m[22m
[90m│[39m  [2m5.64 kB[22m[1m[22m[2m │ gzip:   1.94 kB[22m
[90m│[39m  [43mVite[49m
[90m│[39m  [2m../../../../../../var/folders/c3/ns78qy1d7mgb6y_d202880g40000gn/T/chromatic--25852-051b72R8hj4d/[22m[2massets/[22m[36medit-post-RC---_y8.js[39m[1m[2m[22m
[90m│[39m  [2m5.69 kB[22m[1m[22m[2m │ gzip:   2.46 kB[22m
[90m│[39m  [43mVite[49m
[90m│[39m  [2m../../../../../../var/folders/c3/ns78qy1d7mgb6y_d202880g40000gn/T/chromatic--25852-051b72R8hj4d/[22m[2massets/[22m[36mindex.stories-BqXIUlwo.js[39m[1m[2m[22m
[90m│[39m  [2m5.95 kB[22m[1m[22m[2m │ gzip:   2.65 kB[22m
[90m│[39m  [43mVite[49m
[90m│[39m  [2m../../../../../../var/folders/c3/ns78qy1d7mgb6y_d202880g40000gn/T/chromatic--25852-051b72R8hj4d/[22m[2massets/[22m[36mindex-Cl7m8M2A.js[39m[1m[2m[22m
[90m│[39m  [2m6.31 kB[22m[1m[22m[2m │ gzip:   2.07 kB[22m
[90m│[39m  [43mVite[49m
[90m│[39m  [2m../../../../../../var/folders/c3/ns78qy1d7mgb6y_d202880g40000gn/T/chromatic--25852-051b72R8hj4d/[22m[2massets/[22m[36mcustom-alert.stories-1aPK99uh.js[39m[1m[2m[22m
[90m│[39m  [2m6.60 kB[22m[1m[22m[2m │ gzip:   1.58 kB[22m
[90m│[39m  [43mVite[49m
[90m│[39m  [2m../../../../../../var/folders/c3/ns78qy1d7mgb6y_d202880g40000gn/T/chromatic--25852-051b72R8hj4d/[22m[2massets/[22m[36msetting-item--7loZ5JF.js[39m[1m[2m[22m
[90m│[39m  [2m7.46 kB[22m[1m[22m[2m │ gzip:   3.20 kB[22m
[90m│[39m  [43mVite[49m
[90m│[39m  [2m../../../../../../var/folders/c3/ns78qy1d7mgb6y_d202880g40000gn/T/chromatic--25852-051b72R8hj4d/[22m[2massets/[22m[36mcomments-section-Dt0qpxFL.js[39m[1m[2m[22m
[90m│[39m  [2m7.65 kB[22m[1m[22m[2m │ gzip:   3.08 kB[22m
[90m│[39m  [43mVite[49m
[90m│[39m  [2m../../../../../../var/folders/c3/ns78qy1d7mgb6y_d202880g40000gn/T/chromatic--25852-051b72R8hj4d/[22m[2massets/[22m[36mcomment-item.stories-V1l_XWce.js[39m[1m[2m[22m
[90m│[39m  [2m7.83 kB[22m[1m[22m[2m │ gzip:   1.66 kB[22m
[90m│[39m  [43mVite[49m
[90m│[39m  [2m../../../../../../var/folders/c3/ns78qy1d7mgb6y_d202880g40000gn/T/chromatic--25852-051b72R8hj4d/[22m[2massets/[22m[36mcomments-section.stories-CE59EZqQ.js[39m[1m[2m[22m
[90m│[39m  [2m8.69 kB[22m[1m[22m[2m │ gzip:   1.85 kB[22m
[90m│[39m  [43mVite[49m
[90m│[39m  [2m../../../../../../var/folders/c3/ns78qy1d7mgb6y_d202880g40000gn/T/chromatic--25852-051b72R8hj4d/[22m[2massets/[22m[36mcode-input.stories-DSa_bz6-.js[39m[1m[2m[22m
[90m│[39m  [2m9.33 kB[22m[1m[22m[2m │ gzip:   3.52 kB[22m
[90m│[39m  [43mVite[49m
[90m│[39m  [2m../../../../../../var/folders/c3/ns78qy1d7mgb6y_d202880g40000gn/T/chromatic--25852-051b72R8hj4d/[22m[2massets/[22m[36mreferal-block.stories-5j2qtfmr.js[39m[1m[2m[22m
[90m│[39m  [2m9.71 kB[22m[1m[22m[2m │ gzip:   3.34 kB[22m
[90m│[39m  [43mVite[49m
[90m│[39m  [2m../../../../../../var/folders/c3/ns78qy1d7mgb6y_d202880g40000gn/T/chromatic--25852-051b72R8hj4d/[22m[2massets/[22m[36mScrollView-Dd354-o5.js[39m[1m[2m[22m
[90m│[39m  [2m11.16 kB[22m[1m[22m[2m │ gzip:   3.39 kB[22m
[90m│[39m  [43mVite[49m
[90m│[39m  [2m../../../../../../var/folders/c3/ns78qy1d7mgb6y_d202880g40000gn/T/chromatic--25852-051b72R8hj4d/[22m[2massets/[22m[36museQuery-kc8z8r-1.js[39m[1m[2m[22m
[90m│[39m  [2m14.63 kB[22m[1m[22m[2m │ gzip:   5.81 kB[22m
[90m│[39m  [43mVite[49m
[90m│[39m  [2m../../../../../../var/folders/c3/ns78qy1d7mgb6y_d202880g40000gn/T/chromatic--25852-051b72R8hj4d/[22m[36mvite-inject-mocker-entry.js[39m[1m[2m[22m
[90m│[39m  [2m28.11 kB[22m[1m[22m[2m │ gzip:   9.82 kB[22m
[90m│[39m  [43mVite[49m
[90m│[39m  [2m../../../../../../var/folders/c3/ns78qy1d7mgb6y_d202880g40000gn/T/chromatic--25852-051b72R8hj4d/[22m[2massets/[22m[36mindex.esm-DFofyfYz.js[39m[1m[2m[22m
[90m│[39m  [2m28.19 kB[22m[1m[22m[2m │ gzip:  10.38 kB[22m
[90m│[39m  [43mVite[49m
[90m│[39m  [2m../../../../../../var/folders/c3/ns78qy1d7mgb6y_d202880g40000gn/T/chromatic--25852-051b72R8hj4d/[22m[2massets/[22m[36mColor-FRDS63T2-C9P3TBcC.js[39m[1m[2m[22m
[90m│[39m  [2m30.05 kB[22m[1m[22m[2m │ gzip:  11.41 kB[22m
[90m│[39m  [43mVite[49m
[90m│[39m  [2m../../../../../../var/folders/c3/ns78qy1d7mgb6y_d202880g40000gn/T/chromatic--25852-051b72R8hj4d/[22m[2massets/[22m[36mgetImageUrl-B3uKemra.js[39m[1m[2m[22m
[90m│[39m  [2m31.61 kB[22m[1m[22m[2m │ gzip:   9.75 kB[22m
[90m│[39m  [43mVite[49m
[90m│[39m  [2m../../../../../../var/folders/c3/ns78qy1d7mgb6y_d202880g40000gn/T/chromatic--25852-051b72R8hj4d/[22m[2massets/[22m[36mWithTooltip-65CFNBJE-8vzctx1G.js[39m[1m[2m[22m
[90m│[39m  [2m33.14 kB[22m[1m[22m[2m │ gzip:  11.67 kB[22m
[90m│[39m  [43mVite[49m
[90m│[39m  [2m../../../../../../var/folders/c3/ns78qy1d7mgb6y_d202880g40000gn/T/chromatic--25852-051b72R8hj4d/[22m[2massets/[22m[36mauthInterceptor-gDf7J-sK.js[39m[1m[2m[22m
[90m│[39m  [2m41.05 kB[22m[1m[22m[2m │ gzip:  16.27 kB[22m
[90m│[39m  [43mVite[49m
[90m│[39m  [2m../../../../../../var/folders/c3/ns78qy1d7mgb6y_d202880g40000gn/T/chromatic--25852-051b72R8hj4d/[22m[2massets/[22m[36mIonicons-D53qtmwE.js[39m[1m[2m[22m
[90m│[39m  [2m73.27 kB[22m[1m[22m[2m │ gzip:  22.98 kB[22m
[90m│[39m  [43mVite[49m
[90m│[39m  [2m../../../../../../var/folders/c3/ns78qy1d7mgb6y_d202880g40000gn/T/chromatic--25852-051b72R8hj4d/[22m[2massets/[22m[36msyntaxhighlighter-OH4MV7E3-CaRmroca.js[39m[1m[2m[22m
[90m│[39m  [2m78.21 kB[22m[1m[22m[2m │ gzip:  27.43 kB[22m
[90m│[39m  [43mVite[49m
[90m│[39m  [2m../../../../../../var/folders/c3/ns78qy1d7mgb6y_d202880g40000gn/T/chromatic--25852-051b72R8hj4d/[22m[2massets/[22m[36mreact-18-D02mfja4.js[39m[1m[2m[22m
[90m│[39m  [2m181.15 kB[22m[1m[22m[2m │ gzip:  57.03 kB[22m
[90m│[39m  [43mVite[49m
[90m│[39m  [2m../../../../../../var/folders/c3/ns78qy1d7mgb6y_d202880g40000gn/T/chromatic--25852-051b72R8hj4d/[22m[2massets/[22m[36mDocsRenderer-LL677BLK-DinT6h6B.js[39m[1m[33m[39m
[90m│[39m  [33m817.31 kB[39m[22m[2m │ gzip: 261.61 kB[22m
[90m│[39m  [43mVite[49m
[90m│[39m  [2m../../../../../../var/folders/c3/ns78qy1d7mgb6y_d202880g40000gn/T/chromatic--25852-051b72R8hj4d/[22m[2massets/[22m[36miframe-DALZ1QXa.js[39m
[90m│[39m  [36m[39m[1m[33m1,387.66 kB[39m[22m[2m │ gzip: 410.59 kB[22m
[90m│[39m
[33m▲[39m  [43mVite[49m[33m
[90m│[39m  (!) Some chunks are larger than 500 kB after minification. Consider:
[90m│[39m  - Using dynamic import() to code-split the application
[90m│[39m  - Use build.rollupOptions.output.manualChunks to improve chunking:
[90m│[39m  ]8;;https://rollupjs.org/configuration-options/#output-manualchunkshttps://rollupjs.org/configuration-options/#output-manualchunks]8;;
[90m│[39m  - Adjust chunk size limit for this warning via
[90m│[39m  build.chunkSizeWarningLimit.[39m
[90m│[39m  [43mVite[49m [32m✓ built in 5.16s[39m
[90m│[39m
[34m●[39m  Preview stats written to
[90m│[39m  [36m/var/folders/c3/ns78qy1d7mgb6y_d202880g40000gn/T/chromatic--25852-051b72R8hj4d/preview-stats.json[39m
[90m│[39m
[32m◇[39m  Output directory:
[90m│[39m  /var/folders/c3/ns78qy1d7mgb6y_d202880g40000gn/T/chromatic--25852-051b72R8hj4d
[90m│[39m
[90m└[39m  Storybook build completed successfully

